---
source: src/tui/app.rs
expression: output
---
┌Transcript────────────────────────────────────────────────────────────────────┐
│❌  bash [failed]                                                              │
│  [stderr]                                                                    │
│    command not found                                                         │
│                                                                              │
│                                                                              │
│                                                                              │
│                                                                              │
│                                                                              │
│                                                                              │
│                                                                              │
│                                                                              │
│                                                                              │
│                                                                              │
│                                                                              │
│                                                                              │
│                                                                              │
│                                                                              │
│                                                                              │
└──────────────────────────────────────────────────────────────────────────────┘
┌Input─────────────────────────────────────────────────────────────────────────┐
│                                                                              │
└──────────────────────────────────────────────────────────────────────────────┘
Ready
