---
source: src/tui/app.rs
expression: output
---
┌Transcript────────────────────────────────────────────────────────────────────┐
│你 好 世 界  🌍  café résumé                                                       │
│                                                                              │
│                                                                              │
│                                                                              │
│                                                                              │
│                                                                              │
│                                                                              │
│                                                                              │
│                                                                              │
│                                                                              │
│                                                                              │
│                                                                              │
│                                                                              │
│                                                                              │
│                                                                              │
│                                                                              │
│                                                                              │
│                                                                              │
└──────────────────────────────────────────────────────────────────────────────┘
┌Input─────────────────────────────────────────────────────────────────────────┐
│                                                                              │
└──────────────────────────────────────────────────────────────────────────────┘
Ready
