---
source: src/tui/app.rs
expression: render_state(&tool)
---
┌Transcript────────────────────────────────────────────────────────────────────┐
│▼ bash  success · exit 0                                                      │
│Arguments:                                                                    │
│  {                                                                           │
│    "command": "ls"                                                           │
│  }                                                                           │
│stdout:                                                                       │
│  listed file                                                                 │
│stderr:                                                                       │
│  warning                                                                     │
│                                                                              │
│                                                                              │
│                                                                              │
│                                                                              │
│                                                                              │
│                                                                              │
│                                                                              │
│                                                                              │
│                                                                              │
└──────────────────────────────────────────────────────────────────────────────┘
┌Input · draft (Enter unavailable)─────────────────────────────────────────────┐
│                                                                              │
└──────────────────────────────────────────────────────────────────────────────┘
mock/mock | Running | Transcript · Space expand · i input · End latest | bash ·
