---
source: src/tui/app.rs
assertion_line: 2218
expression: render_state(&tool)
---
┌Transcript────────────────────────────────────────────────────────────────────┐
│▶ bash  running                                                               │
│                                                                              │
│                                                                              │
│                                                                              │
│                                                                              │
│                                                                              │
│                                                                              │
│                                                                              │
│                                                                              │
│                                                                              │
│                                                                              │
│                                                                              │
│                                                                              │
│                                                                              │
│                                                                              │
│                                                                              │
│                                                                              │
│                                                                              │
└──────────────────────────────────────────────────────────────────────────────┘
┌Input · draft (Enter unavailable)─────────────────────────────────────────────┐
│                                                                              │
└──────────────────────────────────────────────────────────────────────────────┘
mock/mock | Agent running | tool: bash | Input · Tab transcript · PageUp/Down sc
