---
source: src/tui/app.rs
expression: render_state(&tool)
---
┌Transcript────────────────────────────────────────────────────────────────────┐
│▶ bash  running                                                               │
│                                                                              │
│                                                                              │
│                                                                              │
│                                                                              │
│                                                                              │
│                                                                              │
│                                                                              │
│                                                                              │
│                                                                              │
│                                                                              │
│                                                                              │
│                                                                              │
│                                                                              │
│                                                                              │
│                                                                              │
│                                                                              │
│                                                                              │
└──────────────────────────────────────────────────────────────────────────────┘
┌Input · draft (Enter unavailable)─────────────────────────────────────────────┐
│                                                                              │
└──────────────────────────────────────────────────────────────────────────────┘
mock/mock | Running | tool: bash | Input · Tab transcript · PageUp/Down scroll ·
